 
****************************************
Report : timing
        -path full
        -delay max
        -max_paths 1
Design : Segway
Version: X-2025.06
Date   : Sat Dec  6 18:40:06 2025
****************************************

Operating Conditions: tt0p85v25c   Library: saed32rvt_tt0p85v25c
Wire Load Model Mode: enclosed

  Startpoint: iBAL/steer_scaled_pipe_reg[0]
              (rising edge-triggered flip-flop clocked by clk)
  Endpoint: iBUZZ/current_state_reg[1]
            (rising edge-triggered flip-flop clocked by clk)
  Path Group: clk
  Path Type: max

  Des/Clust/Port     Wire Load Model       Library
  ------------------------------------------------
  Segway             16000                 saed32rvt_tt0p85v25c

  Point                                                   Incr       Path
  --------------------------------------------------------------------------
  clock clk (rise edge)                                   0.00       0.00
  clock network delay (ideal)                             0.00       0.00
  iBAL/steer_scaled_pipe_reg[0]/CLK (DFFARX1_RVT)         0.00       0.00 r
  iBAL/steer_scaled_pipe_reg[0]/Q (DFFARX1_RVT)           0.15       0.15 f
  U1324/Y (NAND2X0_RVT)                                   0.07       0.22 r
  iBAL/sub_120/U2_1/CO (FADDX1_RVT)                       0.13       0.34 r
  iBAL/sub_120/U2_2/CO (FADDX1_RVT)                       0.12       0.46 r
  iBAL/sub_120/U2_3/CO (FADDX1_RVT)                       0.12       0.58 r
  iBAL/sub_120/U2_4/CO (FADDX1_RVT)                       0.12       0.69 r
  iBAL/sub_120/U2_5/CO (FADDX1_RVT)                       0.12       0.81 r
  iBAL/sub_120/U2_6/CO (FADDX1_RVT)                       0.12       0.93 r
  iBAL/sub_120/U2_7/CO (FADDX1_RVT)                       0.12       1.04 r
  iBAL/sub_120/U2_8/CO (FADDX1_RVT)                       0.12       1.16 r
  iBAL/sub_120/U2_9/CO (FADDX1_RVT)                       0.12       1.27 r
  iBAL/sub_120/U2_10/CO (FADDX1_RVT)                      0.12       1.39 r
  iBAL/sub_120/U2_11/CO (FADDX1_RVT)                      0.12       1.51 r
  iBAL/sub_120/U2_12/S (FADDX1_RVT)                       0.16       1.66 f
  U1229/Y (AO21X1_RVT)                                    0.09       1.75 f
  U1896/Y (INVX1_RVT)                                     0.04       1.79 r
  U1226/Y (NAND2X0_RVT)                                   0.06       1.85 f
  U2108/Y (INVX1_RVT)                                     0.08       1.93 r
  U1897/Y (AO21X1_RVT)                                    0.07       2.00 r
  U1170/Y (AO22X1_RVT)                                    0.08       2.09 r
  U108/Y (NOR4X1_RVT)                                     0.11       2.20 f
  U1160/Y (NAND4X0_RVT)                                   0.05       2.25 r
  U1159/Y (NAND3X0_RVT)                                   0.06       2.30 f
  U1125/Y (AND4X1_RVT)                                    0.11       2.41 f
  U1119/Y (NAND2X0_RVT)                                   0.07       2.48 r
  U2107/Y (INVX1_RVT)                                     0.04       2.52 f
  U1108/Y (NAND2X0_RVT)                                   0.05       2.57 r
  U1107/Y (NAND3X0_RVT)                                   0.08       2.65 f
  U2109/Y (INVX1_RVT)                                     0.07       2.72 r
  U1101/Y (AND3X1_RVT)                                    0.08       2.80 r
  U1100/Y (AO21X1_RVT)                                    0.06       2.86 r
  iBUZZ/current_state_reg[1]/D (DFFARX1_RVT)              0.01       2.87 r
  data arrival time                                                  2.87

  clock clk (rise edge)                                   3.00       3.00
  clock network delay (ideal)                             0.00       3.00
  iBUZZ/current_state_reg[1]/CLK (DFFARX1_RVT)            0.00       3.00 r
  library setup time                                     -0.06       2.94
  data required time                                                 2.94
  --------------------------------------------------------------------------
  data required time                                                 2.94
  data arrival time                                                 -2.87
  --------------------------------------------------------------------------
  slack (MET)                                                        0.07


1
