Information: Updating design information... (UID-85)
 
****************************************
Report : timing
        -path full
        -delay min
        -max_paths 1
Design : Segway
Version: X-2025.06
Date   : Sun Dec  7 11:31:04 2025
****************************************

Operating Conditions: tt0p85v25c   Library: saed32rvt_tt0p85v25c
Wire Load Model Mode: enclosed

  Startpoint: iA2D/batt_reg[11]
              (rising edge-triggered flip-flop clocked by clk)
  Endpoint: batt_low_pipelined_reg
            (rising edge-triggered flip-flop clocked by clk)
  Path Group: clk
  Path Type: min

  Des/Clust/Port     Wire Load Model       Library
  ------------------------------------------------
  Segway             16000                 saed32rvt_tt0p85v25c

  Point                                                   Incr       Path
  --------------------------------------------------------------------------
  clock clk (rise edge)                                   0.00       0.00
  clock network delay (ideal)                             0.00       0.00
  iA2D/batt_reg[11]/CLK (DFFARX1_RVT)                     0.00       0.00 r
  iA2D/batt_reg[11]/QN (DFFARX1_RVT)                      0.09       0.09 f
  batt_low_pipelined_reg/D (DFFARX1_RVT)                  0.01       0.10 f
  data arrival time                                                  0.10

  clock clk (rise edge)                                   0.00       0.00
  clock network delay (ideal)                             0.00       0.00
  batt_low_pipelined_reg/CLK (DFFARX1_RVT)                0.00       0.00 r
  library hold time                                      -0.02      -0.02
  data required time                                                -0.02
  --------------------------------------------------------------------------
  data required time                                                -0.02
  data arrival time                                                 -0.10
  --------------------------------------------------------------------------
  slack (MET)                                                        0.12


1
