Warning: Design 'Segway' has '1' unresolved references. For more detailed information, use the "link" command. (UID-341)
Information: Updating design information... (UID-85)
 
****************************************
Report : timing
        -path full
        -delay min
        -max_paths 1
Design : Segway
Version: X-2025.06
Date   : Sat Dec  6 15:02:36 2025
****************************************

Operating Conditions: tt0p85v25c   Library: saed32rvt_tt0p85v25c
Wire Load Model Mode: enclosed

  Startpoint: iDRV/iPWM_rght/cnt_reg[0]
              (rising edge-triggered flip-flop clocked by clk)
  Endpoint: iDRV/iPWM_rght/cnt_reg[0]
            (rising edge-triggered flip-flop clocked by clk)
  Path Group: clk
  Path Type: min

  Des/Clust/Port     Wire Load Model       Library
  ------------------------------------------------
  Segway             16000                 saed32rvt_tt0p85v25c

  Point                                                   Incr       Path
  --------------------------------------------------------------------------
  clock clk (rise edge)                                   0.00       0.00
  clock network delay (ideal)                             0.00       0.00
  iDRV/iPWM_rght/cnt_reg[0]/CLK (DFFARX1_RVT)             0.00       0.00 r
  iDRV/iPWM_rght/cnt_reg[0]/QN (DFFARX1_RVT)              0.10       0.10 f
  iDRV/iPWM_rght/cnt_reg[0]/D (DFFARX1_RVT)               0.01       0.11 f
  data arrival time                                                  0.11

  clock clk (rise edge)                                   0.00       0.00
  clock network delay (ideal)                             0.00       0.00
  iDRV/iPWM_rght/cnt_reg[0]/CLK (DFFARX1_RVT)             0.00       0.00 r
  library hold time                                      -0.02      -0.02
  data required time                                                -0.02
  --------------------------------------------------------------------------
  data required time                                                -0.02
  data arrival time                                                 -0.11
  --------------------------------------------------------------------------
  slack (MET)                                                        0.13


1
