Warning: Design 'Segway' has '1' unresolved references. For more detailed information, use the "link" command. (UID-341)
 
****************************************
Report : timing
        -path full
        -delay max
        -max_paths 1
Design : Segway
Version: X-2025.06
Date   : Sat Dec  6 14:42:10 2025
****************************************

Operating Conditions: tt0p85v25c   Library: saed32rvt_tt0p85v25c
Wire Load Model Mode: enclosed

  Startpoint: iA2D/rght_ld_reg[0]
              (rising edge-triggered flip-flop clocked by clk)
  Endpoint: iBUZZ/repeat_timer_reg[8]
            (rising edge-triggered flip-flop clocked by clk)
  Path Group: clk
  Path Type: max

  Des/Clust/Port     Wire Load Model       Library
  ------------------------------------------------
  Segway             16000                 saed32rvt_tt0p85v25c

  Point                                                   Incr       Path
  --------------------------------------------------------------------------
  clock clk (rise edge)                                   0.00       0.00
  clock network delay (ideal)                             0.00       0.00
  iA2D/rght_ld_reg[0]/CLK (DFFARX1_RVT)                   0.00       0.00 r
  iA2D/rght_ld_reg[0]/Q (DFFARX1_RVT)                     0.15       0.15 f
  iSTR/add_30/U5/Y (AND2X1_RVT)                           0.07       0.22 f
  iSTR/add_30/U1_1/CO (FADDX1_RVT)                        0.11       0.32 f
  iSTR/add_30/U1_2/CO (FADDX1_RVT)                        0.11       0.43 f
  iSTR/add_30/U1_3/CO (FADDX1_RVT)                        0.11       0.54 f
  iSTR/add_30/U1_4/CO (FADDX1_RVT)                        0.11       0.65 f
  iSTR/add_30/U1_5/CO (FADDX1_RVT)                        0.11       0.76 f
  U122/Y (NAND2X0_RVT)                                    0.06       0.82 r
  U120/Y (NAND3X0_RVT)                                    0.07       0.89 f
  iSTR/add_30/U1_7/CO (FADDX1_RVT)                        0.12       1.01 f
  iSTR/add_30/U1_8/S (FADDX1_RVT)                         0.17       1.18 r
  U119/Y (NBUFFX2_RVT)                                    0.06       1.24 r
  iSTR/mult_33/S3_4_2/S (FADDX1_RVT)                      0.18       1.42 f
  iSTR/mult_33/S2_5_1/CO (FADDX1_RVT)                     0.12       1.54 f
  U107/Y (NAND2X0_RVT)                                    0.06       1.59 r
  U106/Y (NAND3X0_RVT)                                    0.07       1.67 f
  iSTR/mult_33/S2_7_1/CO (FADDX1_RVT)                     0.12       1.79 f
  iSTR/mult_33/S4_1/S (FADDX1_RVT)                        0.17       1.95 r
  iSTR/mult_33/U7/Y (INVX0_RVT)                           0.04       2.00 f
  U200/Y (XNOR2X2_RVT)                                    0.11       2.11 f
  U180/Y (OAI221X1_RVT)                                   0.14       2.24 r
  U175/Y (NAND3X0_RVT)                                    0.05       2.29 f
  U176/Y (AOI22X1_RVT)                                    0.11       2.40 r
  U240/Y (OA21X1_RVT)                                     0.08       2.48 r
  U45/Y (OR2X2_RVT)                                       0.07       2.55 r
  U15/Y (NAND4X0_RVT)                                     0.06       2.61 f
  U14/Y (NAND2X0_RVT)                                     0.07       2.68 r
  U104/Y (NAND2X0_RVT)                                    0.05       2.72 f
  U136/Y (AND2X1_RVT)                                     0.08       2.80 f
  iBUZZ/U33/Y (AO221X1_RVT)                               0.11       2.92 f
  iBUZZ/repeat_timer_reg[8]/D (DFFARX1_RVT)               0.01       2.93 f
  data arrival time                                                  2.93

  clock clk (rise edge)                                   3.00       3.00
  clock network delay (ideal)                             0.00       3.00
  iBUZZ/repeat_timer_reg[8]/CLK (DFFARX1_RVT)             0.00       3.00 r
  library setup time                                     -0.06       2.94
  data required time                                                 2.94
  --------------------------------------------------------------------------
  data required time                                                 2.94
  data arrival time                                                 -2.93
  --------------------------------------------------------------------------
  slack (MET)                                                        0.01


1
